#include <stdlib.h>
#include <time.h>
#include <stdio.h>
#include <string.h>
/* more headers goes there */

/* betty style doc  for function main goes there */
int main(void)
{
	int n;
	int last_char;
	srand(time(0));
	n = rand() - RAND_MAX / 2;
	last_char = n % 10;

	/* your code goes there */
	if (last_char < 6)
		printf("Last digit of %d is %d and is lessthan 6 and not 0 \n", n, last_char);

/*
	The output of the program should be:
The string Last digit of, followed by
n, followed by
the string is, followed by
if the last digit of n is greater than 5: the string and is greater than 5
if the last digit of n is 0: the string and is 0
if the last digit of n is less than 6 and not 0: the string and is less than 6 and not 0
followed by a new line*/


/*julien@ubuntu:~/0x01$ gcc -Wall -pedantic -Werror -Wextra -std=gnu89 1-last_digit.c -o 1-last_digit
julien@ubuntu:~/0x01$ ./1-last_digit 
Last digit of 629438752 is 2 and is less than 6 and not 0
julien@ubuntu:~/0x01$ ./1-last_digit 
Last digit of -748255693 is -3 and is less than 6 and not 0
julien@ubuntu:~/0x01$ ./1-last_digit 
Last digit of -1052791662 is -2 and is less than 6 and not 0
julien@ubuntu:~/0x01$ ./1-last_digit 
Last digit of -284805734 is -4 and is less than 6 and not 0
julien@ubuntu:~/0x01$ ./1-last_digit 
Last digit of -284805734 is -4 and is less than 6 and not 0
julien@ubuntu:~/0x01$ ./1-last_digit 
Last digit of 491506926 is 6 and is greater than 5
julien@ubuntu:~/0x01$ ./1-last_digit 
Last digit of 954249937 is 7 and is greater than 5
julien@ubuntu:~/0x01$ ./1-last_digit 
Last digit of 652334952 is 2 and is less than 6 and not 0
julien@ubuntu:~/0x01$ ./1-last_digit 
Last digit of -729688197 is -7 and is less than 6 and not 0
julien@ubuntu:~/0x01$ ./1-last_digit 
Last digit of -729688197 is -7 and is less than 6 and not 0
julien@ubuntu:~/0x01$ ./1-last_digit 
Last digit of 45528266 is 6 and is greater than 5
julien@ubuntu:~/0x01$ ./1-last_digit 
Last digit of 45528266 is 6 and is greater than 5
julien@ubuntu:~/0x01$ ./1-last_digit 
Last digit of 809065140 is 0 and is 0
julien@ubuntu:~/0x01$*/
	return (0);
}
